// Vitest Snapshot v1, https://vitest.dev/guide/snapshot.html

exports[`PostGame unit tests > Renders postgame when highscore is false 1`] = `
<div>
  <div
    id="imageContainer"
  >
    <img
      alt="picture of convention"
      id="image"
    />
    <div
      class="absolute inset-1/2 flex flex-col gap-3 h-72 w-60 rounded-xl p-6"
      id="leaderboard"
    >
      <div
        class="text-center text-lg "
      >
        Leaderboard
      </div>
      <div
        class="flex justify-between"
      >
        <p>
          Name
        </p>
         
        <p
          class="-ml-8"
        >
          Time
        </p>
      </div>
      <ol>
        <li
          class="flex justify-between"
        >
          <div>
            asd
          </div>
          <div>
            5
            secs
          </div>
        </li>
        <li
          class="flex justify-between"
        >
          <div>
            aaa
          </div>
          <div>
            5
            secs
          </div>
        </li>
        <li
          class="flex justify-between"
        >
          <div>
            sss
          </div>
          <div>
            5
            secs
          </div>
        </li>
        <li
          class="flex justify-between"
        >
          <div>
            ddd
          </div>
          <div>
            5
            secs
          </div>
        </li>
        <li
          class="flex justify-between"
        >
          <div>
            zzz
          </div>
          <div>
            5
            secs
          </div>
        </li>
      </ol>
      <button
        class="text-lg"
      >
        New game
      </button>
    </div>
  </div>
</div>
`;

exports[`PostGame unit tests > Renders postgame when highscore is true 1`] = `
<div>
  <div
    id="imageContainer"
  >
    <img
      alt="picture of convention"
      id="image"
    />
    <div
      class="absolute inset-1/2 flex flex-col gap-8 p-4 h-56 w-56 rounded-lg"
      id="scorePrompt"
    >
      <div
        class="text-center text-lg"
      >
        A new highscore!
      </div>
      <form
        action="/scores"
        class="flex flex-col gap-2 "
        method="post"
      >
        <label
          for="name"
        >
          Name
        </label>
        <input
          class="w-full"
          name="name"
          required=""
          type="text"
        />
        <div
          class="flex gap-14 mt-2.5 ml-7"
        >
          <button
            type="submit"
          >
            Submit
          </button>
          <button>
            Skip
          </button>
        </div>
      </form>
    </div>
  </div>
</div>
`;
